// Jest Snapshot v1, https://goo.gl/fbAQLP

exports[`Box should match snapshot 1`] = `
<DocumentFragment>
  <div
    class="Box-vhihpg-0 brYtIl"
  >
    Ol√°, mundo!
  </div>
</DocumentFragment>
`;
