// Jest Snapshot v1, https://goo.gl/fbAQLP

exports[`Button should match snapshot 1`] = `
<DocumentFragment>
  <button
    class="Button__Component-sc-1mv13uc-0 ZPDkq"
  >
    Bot√£o
  </button>
</DocumentFragment>
`;
